// Vitest Snapshot v1, https://vitest.dev/guide/snapshot.html

exports[`MovieCard > should render correctly 1`] = `
{
  "asFragment": [Function],
  "baseElement": <body>
    <div>
      <a
        class="styles__StyledMovieCard-sc-vuoc3k-0 gZnIKa"
        data-testid="movie-card-Badland Hunters"
      >
        <div
          class="styles__StyledMask-sc-vuoc3k-2 LYXKU mask"
        />
        <p
          class="styles__StyledMovieInfoWrapper-sc-vuoc3k-1 hOBvPr"
        >
          Badland Hunters
        </p>
      </a>
    </div>
  </body>,
  "container": <div>
    <a
      class="styles__StyledMovieCard-sc-vuoc3k-0 gZnIKa"
      data-testid="movie-card-Badland Hunters"
    >
      <div
        class="styles__StyledMask-sc-vuoc3k-2 LYXKU mask"
      />
      <p
        class="styles__StyledMovieInfoWrapper-sc-vuoc3k-1 hOBvPr"
      >
        Badland Hunters
      </p>
    </a>
  </div>,
  "debug": [Function],
  "findAllByAltText": [Function],
  "findAllByDisplayValue": [Function],
  "findAllByLabelText": [Function],
  "findAllByPlaceholderText": [Function],
  "findAllByRole": [Function],
  "findAllByTestId": [Function],
  "findAllByText": [Function],
  "findAllByTitle": [Function],
  "findByAltText": [Function],
  "findByDisplayValue": [Function],
  "findByLabelText": [Function],
  "findByPlaceholderText": [Function],
  "findByRole": [Function],
  "findByTestId": [Function],
  "findByText": [Function],
  "findByTitle": [Function],
  "getAllByAltText": [Function],
  "getAllByDisplayValue": [Function],
  "getAllByLabelText": [Function],
  "getAllByPlaceholderText": [Function],
  "getAllByRole": [Function],
  "getAllByTestId": [Function],
  "getAllByText": [Function],
  "getAllByTitle": [Function],
  "getByAltText": [Function],
  "getByDisplayValue": [Function],
  "getByLabelText": [Function],
  "getByPlaceholderText": [Function],
  "getByRole": [Function],
  "getByTestId": [Function],
  "getByText": [Function],
  "getByTitle": [Function],
  "queryAllByAltText": [Function],
  "queryAllByDisplayValue": [Function],
  "queryAllByLabelText": [Function],
  "queryAllByPlaceholderText": [Function],
  "queryAllByRole": [Function],
  "queryAllByTestId": [Function],
  "queryAllByText": [Function],
  "queryAllByTitle": [Function],
  "queryByAltText": [Function],
  "queryByDisplayValue": [Function],
  "queryByLabelText": [Function],
  "queryByPlaceholderText": [Function],
  "queryByRole": [Function],
  "queryByTestId": [Function],
  "queryByText": [Function],
  "queryByTitle": [Function],
  "rerender": [Function],
  "unmount": [Function],
}
`;
